Testing RequestController...

1. Checking if classes exist:
   - Caller class exists: YES
   - Admin class exists: YES
   - TaskRequest class exists: YES

2. Testing database connection:
   - Database connected: YES
   - Driver: mysql

3. Checking if tables exist:
   - callers: EXISTS
   - admins: EXISTS
   - requests: EXISTS
   - filtered_customers: EXISTS

4. Testing Caller model:
   - Found caller: John Smith (ID: 1)

5. Testing Request model:
   - Found request: Task ID AUTO-1767016431-1

All tests completed successfully!
